// Jest Snapshot v1, https://goo.gl/fbAQLP

exports[`Check Component creation BackButton component snapshot test 1`] = `
ShallowWrapper {
  "length": 1,
  Symbol(enzyme.__root__): [Circular],
  Symbol(enzyme.__unrendered__): <BackButton />,
  Symbol(enzyme.__renderer__): Object {
    "batchedUpdates": [Function],
    "getNode": [Function],
    "render": [Function],
    "simulateEvent": [Function],
    "unmount": [Function],
  },
  Symbol(enzyme.__node__): Object {
    "instance": null,
    "key": undefined,
    "nodeType": "class",
    "props": Object {
      "children": "SEARCH",
      "className": "btn btn-primary btn-sm widerButton",
      "replace": false,
      "to": "/",
    },
    "ref": null,
    "rendered": "SEARCH",
    "type": [Function],
  },
  Symbol(enzyme.__nodes__): Array [
    Object {
      "instance": null,
      "key": undefined,
      "nodeType": "class",
      "props": Object {
        "children": "SEARCH",
        "className": "btn btn-primary btn-sm widerButton",
        "replace": false,
        "to": "/",
      },
      "ref": null,
      "rendered": "SEARCH",
      "type": [Function],
    },
  ],
  Symbol(enzyme.__options__): Object {
    "adapter": ReactSixteenAdapter {
      "options": Object {
        "enableComponentDidUpdateOnSetState": true,
      },
    },
  },
}
`;
