// Jest Snapshot v1, https://goo.gl/fbAQLP

exports[`Check Component creation Footer component 1`] = `
ShallowWrapper {
  "length": 1,
  Symbol(enzyme.__root__): [Circular],
  Symbol(enzyme.__unrendered__): <Footer />,
  Symbol(enzyme.__renderer__): Object {
    "batchedUpdates": [Function],
    "getNode": [Function],
    "render": [Function],
    "simulateEvent": [Function],
    "unmount": [Function],
  },
  Symbol(enzyme.__node__): Object {
    "instance": null,
    "key": undefined,
    "nodeType": "host",
    "props": Object {
      "children": <nav
        className="navbar navbar-dark bg-dark"
      >
        <span
          className="navbar-brand navbarItem"
        >
          netflixroulette
        </span>
      </nav>,
      "className": "container appFooter",
    },
    "ref": null,
    "rendered": Object {
      "instance": null,
      "key": undefined,
      "nodeType": "host",
      "props": Object {
        "children": <span
          className="navbar-brand navbarItem"
        >
          netflixroulette
        </span>,
        "className": "navbar navbar-dark bg-dark",
      },
      "ref": null,
      "rendered": Object {
        "instance": null,
        "key": undefined,
        "nodeType": "host",
        "props": Object {
          "children": "netflixroulette",
          "className": "navbar-brand navbarItem",
        },
        "ref": null,
        "rendered": "netflixroulette",
        "type": "span",
      },
      "type": "nav",
    },
    "type": "footer",
  },
  Symbol(enzyme.__nodes__): Array [
    Object {
      "instance": null,
      "key": undefined,
      "nodeType": "host",
      "props": Object {
        "children": <nav
          className="navbar navbar-dark bg-dark"
        >
          <span
            className="navbar-brand navbarItem"
          >
            netflixroulette
          </span>
        </nav>,
        "className": "container appFooter",
      },
      "ref": null,
      "rendered": Object {
        "instance": null,
        "key": undefined,
        "nodeType": "host",
        "props": Object {
          "children": <span
            className="navbar-brand navbarItem"
          >
            netflixroulette
          </span>,
          "className": "navbar navbar-dark bg-dark",
        },
        "ref": null,
        "rendered": Object {
          "instance": null,
          "key": undefined,
          "nodeType": "host",
          "props": Object {
            "children": "netflixroulette",
            "className": "navbar-brand navbarItem",
          },
          "ref": null,
          "rendered": "netflixroulette",
          "type": "span",
        },
        "type": "nav",
      },
      "type": "footer",
    },
  ],
  Symbol(enzyme.__options__): Object {
    "adapter": ReactSixteenAdapter {
      "options": Object {
        "enableComponentDidUpdateOnSetState": true,
      },
    },
  },
}
`;
