// Jest Snapshot v1, https://goo.gl/fbAQLP

exports[`Check Component creation Button component snapshot test 1`] = `
ShallowWrapper {
  "length": 1,
  Symbol(enzyme.__root__): [Circular],
  Symbol(enzyme.__unrendered__): <Button
    className="b1"
    label="submit"
    type="submit"
  />,
  Symbol(enzyme.__renderer__): Object {
    "batchedUpdates": [Function],
    "getNode": [Function],
    "render": [Function],
    "simulateEvent": [Function],
    "unmount": [Function],
  },
  Symbol(enzyme.__node__): Object {
    "instance": null,
    "key": undefined,
    "nodeType": "host",
    "props": Object {
      "children": "submit",
      "className": "b1 btn",
      "disabled": false,
      "onClick": [Function],
      "style": undefined,
      "type": "submit",
    },
    "ref": null,
    "rendered": "submit",
    "type": "button",
  },
  Symbol(enzyme.__nodes__): Array [
    Object {
      "instance": null,
      "key": undefined,
      "nodeType": "host",
      "props": Object {
        "children": "submit",
        "className": "b1 btn",
        "disabled": false,
        "onClick": [Function],
        "style": undefined,
        "type": "submit",
      },
      "ref": null,
      "rendered": "submit",
      "type": "button",
    },
  ],
  Symbol(enzyme.__options__): Object {
    "adapter": ReactSixteenAdapter {
      "options": Object {
        "enableComponentDidUpdateOnSetState": true,
      },
    },
  },
}
`;
